// Jest Snapshot v1, https://goo.gl/fbAQLP

exports[`<AddToCart /> renders and matches snapshot 1`] = `
<button
  className="sc-bdVaJa dxkKyp"
  disabled={false}
  onClick={[Function]}
>
  Add
   to Cart
</button>
`;
