// Jest Snapshot v1, https://goo.gl/fbAQLP

exports[`<RemoveFromCart /> renders and matches snapshots 1`] = `
<button
  className="sc-bdVaJa fXnNqM"
  disabled={false}
  onClick={[Function]}
>
  Ã—
</button>
`;
