// Jest Snapshot v1, https://goo.gl/fbAQLP

exports[`<DeleteItem /> renders and matches snapshot 1`] = `
<button
  onClick={[Function]}
>
  Delete Item
</button>
`;
