// Jest Snapshot v1, https://goo.gl/fbAQLP

exports[`<CreateItem /> matches snapshot 1`] = `
<form
  className="sc-bdVaJa cgcGkz"
  method="post"
  onSubmit={[Function]}
>
  <ErrorMessage
    error={Object {}}
  />
  <h2>
    CreateItem an Item
  </h2>
  <fieldset
    aria-busy={false}
    disabled={false}
  >
    <label
      htmlFor="file"
    >
      Upload File
      <input
        id="file"
        name="file"
        onChange={[Function]}
        placeholder="Upload an image..."
        required={true}
        type="file"
      />
    </label>
    <label
      htmlFor="title"
    >
      Title
      <input
        id="title"
        name="title"
        onChange={[Function]}
        required={true}
        type="text"
        value=""
      />
    </label>
    <label
      htmlFor="price"
    >
      Price
      <input
        id="price"
        name="price"
        onChange={[Function]}
        required={true}
        type="number"
        value={15}
      />
    </label>
    <label
      htmlFor="description"
    >
      Description
      <textarea
        id="description"
        name="description"
        onChange={[Function]}
        placeholder="Enter a description..."
        required={true}
        value=""
      />
    </label>
    <button
      type="submit"
    >
      Submit
    </button>
  </fieldset>
</form>
`;
